2 CPUs:
  0: AMD EPYC 9754 128-Core Processor (128 cores, 256 threads)
  1: AMD EPYC 9754 128-Core Processor (128 cores, 256 threads)

2 visible NVIDIA CUDA GPUs:
  0: Tesla T4
  1: Tesla T4

1 visible AMD ROCm GPUs:
  0: AMD Radeon PRO W7600

Benchmarking only I/O
Warming up

Running 3 times over 1000 events with 16 jobs, each with 16 threads, 16 streams, and 1 GPUs
/cvmfs/cms-ib.cern.ch/sw/x86_64/nweek-02912/el8_amd64_gcc13/external/py3-scipy/1.13.1-586e534d9cda4a5932aa13f315e19182/lib/python3.9/site-packages/scipy/stats/_stats_mstats_common.py:182: RuntimeWarning: invalid value encountered in scalar divide
  slope = ssxym / ssxm
/cvmfs/cms-ib.cern.ch/sw/x86_64/nweek-02912/el8_amd64_gcc13/external/py3-scipy/1.13.1-586e534d9cda4a5932aa13f315e19182/lib/python3.9/site-packages/scipy/stats/_stats_mstats_common.py:196: RuntimeWarning: invalid value encountered in sqrt
  t = r * np.sqrt(df / ((1.0 - r + TINY)*(1.0 + r + TINY)))
/cvmfs/cms-ib.cern.ch/sw/x86_64/nweek-02912/el8_amd64_gcc13/external/py3-scipy/1.13.1-586e534d9cda4a5932aa13f315e19182/lib/python3.9/site-packages/scipy/stats/_stats_mstats_common.py:199: RuntimeWarning: invalid value encountered in scalar divide
  slope_stderr = np.sqrt((1 - r**2) * ssym / ssxm / df)
/data/lebeltra/AoS_benchmarks/CMSSW_16_0_X_2025-10-23-2300/src/RecoTracker/PixelSeeding/patatrack-scripts/multirun.py:696: RuntimeWarning: divide by zero encountered in scalar divide
  overlap = (min(t[-1] for t in times) - max(t[0] for t in times)) / sum(t[-1] - t[0] for t in times) * len(times)
     nan ±   nan ev/s (0 events, 0.0% overlap)
/cvmfs/cms-ib.cern.ch/sw/x86_64/nweek-02912/el8_amd64_gcc13/external/py3-scipy/1.13.1-586e534d9cda4a5932aa13f315e19182/lib/python3.9/site-packages/scipy/stats/_stats_mstats_common.py:182: RuntimeWarning: invalid value encountered in scalar divide
  slope = ssxym / ssxm
/cvmfs/cms-ib.cern.ch/sw/x86_64/nweek-02912/el8_amd64_gcc13/external/py3-scipy/1.13.1-586e534d9cda4a5932aa13f315e19182/lib/python3.9/site-packages/scipy/stats/_stats_mstats_common.py:196: RuntimeWarning: invalid value encountered in sqrt
  t = r * np.sqrt(df / ((1.0 - r + TINY)*(1.0 + r + TINY)))
/cvmfs/cms-ib.cern.ch/sw/x86_64/nweek-02912/el8_amd64_gcc13/external/py3-scipy/1.13.1-586e534d9cda4a5932aa13f315e19182/lib/python3.9/site-packages/scipy/stats/_stats_mstats_common.py:199: RuntimeWarning: invalid value encountered in scalar divide
  slope_stderr = np.sqrt((1 - r**2) * ssym / ssxm / df)
/data/lebeltra/AoS_benchmarks/CMSSW_16_0_X_2025-10-23-2300/src/RecoTracker/PixelSeeding/patatrack-scripts/multirun.py:696: RuntimeWarning: divide by zero encountered in scalar divide
  overlap = (min(t[-1] for t in times) - max(t[0] for t in times)) / sum(t[-1] - t[0] for t in times) * len(times)
     nan ±   nan ev/s (0 events, 0.0% overlap)
/cvmfs/cms-ib.cern.ch/sw/x86_64/nweek-02912/el8_amd64_gcc13/external/py3-scipy/1.13.1-586e534d9cda4a5932aa13f315e19182/lib/python3.9/site-packages/scipy/stats/_stats_mstats_common.py:182: RuntimeWarning: invalid value encountered in scalar divide
  slope = ssxym / ssxm
/cvmfs/cms-ib.cern.ch/sw/x86_64/nweek-02912/el8_amd64_gcc13/external/py3-scipy/1.13.1-586e534d9cda4a5932aa13f315e19182/lib/python3.9/site-packages/scipy/stats/_stats_mstats_common.py:196: RuntimeWarning: invalid value encountered in sqrt
  t = r * np.sqrt(df / ((1.0 - r + TINY)*(1.0 + r + TINY)))
/cvmfs/cms-ib.cern.ch/sw/x86_64/nweek-02912/el8_amd64_gcc13/external/py3-scipy/1.13.1-586e534d9cda4a5932aa13f315e19182/lib/python3.9/site-packages/scipy/stats/_stats_mstats_common.py:199: RuntimeWarning: invalid value encountered in scalar divide
  slope_stderr = np.sqrt((1 - r**2) * ssym / ssxm / df)
/data/lebeltra/AoS_benchmarks/CMSSW_16_0_X_2025-10-23-2300/src/RecoTracker/PixelSeeding/patatrack-scripts/multirun.py:696: RuntimeWarning: divide by zero encountered in scalar divide
  overlap = (min(t[-1] for t in times) - max(t[0] for t in times)) / sum(t[-1] - t[0] for t in times) * len(times)
     nan ±   nan ev/s (0 events, 0.0% overlap)
 --------------------
     nan ev/s (single measurement with the highest overlap)

Benchmarking hlt_config.py
Warming up

Running 3 times over 1000 events with 16 jobs, each with 16 threads, 16 streams, and 1 GPUs
/cvmfs/cms-ib.cern.ch/sw/x86_64/nweek-02912/el8_amd64_gcc13/external/py3-scipy/1.13.1-586e534d9cda4a5932aa13f315e19182/lib/python3.9/site-packages/scipy/stats/_stats_mstats_common.py:182: RuntimeWarning: invalid value encountered in scalar divide
  slope = ssxym / ssxm
/cvmfs/cms-ib.cern.ch/sw/x86_64/nweek-02912/el8_amd64_gcc13/external/py3-scipy/1.13.1-586e534d9cda4a5932aa13f315e19182/lib/python3.9/site-packages/scipy/stats/_stats_mstats_common.py:196: RuntimeWarning: invalid value encountered in sqrt
  t = r * np.sqrt(df / ((1.0 - r + TINY)*(1.0 + r + TINY)))
/cvmfs/cms-ib.cern.ch/sw/x86_64/nweek-02912/el8_amd64_gcc13/external/py3-scipy/1.13.1-586e534d9cda4a5932aa13f315e19182/lib/python3.9/site-packages/scipy/stats/_stats_mstats_common.py:199: RuntimeWarning: invalid value encountered in scalar divide
  slope_stderr = np.sqrt((1 - r**2) * ssym / ssxm / df)
/data/lebeltra/AoS_benchmarks/CMSSW_16_0_X_2025-10-23-2300/src/RecoTracker/PixelSeeding/patatrack-scripts/multirun.py:696: RuntimeWarning: divide by zero encountered in scalar divide
  overlap = (min(t[-1] for t in times) - max(t[0] for t in times)) / sum(t[-1] - t[0] for t in times) * len(times)
     nan ±   nan ev/s (0 events, 0.0% overlap)
/cvmfs/cms-ib.cern.ch/sw/x86_64/nweek-02912/el8_amd64_gcc13/external/py3-scipy/1.13.1-586e534d9cda4a5932aa13f315e19182/lib/python3.9/site-packages/scipy/stats/_stats_mstats_common.py:182: RuntimeWarning: invalid value encountered in scalar divide
  slope = ssxym / ssxm
/cvmfs/cms-ib.cern.ch/sw/x86_64/nweek-02912/el8_amd64_gcc13/external/py3-scipy/1.13.1-586e534d9cda4a5932aa13f315e19182/lib/python3.9/site-packages/scipy/stats/_stats_mstats_common.py:196: RuntimeWarning: invalid value encountered in sqrt
  t = r * np.sqrt(df / ((1.0 - r + TINY)*(1.0 + r + TINY)))
/cvmfs/cms-ib.cern.ch/sw/x86_64/nweek-02912/el8_amd64_gcc13/external/py3-scipy/1.13.1-586e534d9cda4a5932aa13f315e19182/lib/python3.9/site-packages/scipy/stats/_stats_mstats_common.py:199: RuntimeWarning: invalid value encountered in scalar divide
  slope_stderr = np.sqrt((1 - r**2) * ssym / ssxm / df)
/data/lebeltra/AoS_benchmarks/CMSSW_16_0_X_2025-10-23-2300/src/RecoTracker/PixelSeeding/patatrack-scripts/multirun.py:696: RuntimeWarning: divide by zero encountered in scalar divide
  overlap = (min(t[-1] for t in times) - max(t[0] for t in times)) / sum(t[-1] - t[0] for t in times) * len(times)
     nan ±   nan ev/s (0 events, 0.0% overlap)
/cvmfs/cms-ib.cern.ch/sw/x86_64/nweek-02912/el8_amd64_gcc13/external/py3-scipy/1.13.1-586e534d9cda4a5932aa13f315e19182/lib/python3.9/site-packages/scipy/stats/_stats_mstats_common.py:182: RuntimeWarning: invalid value encountered in scalar divide
  slope = ssxym / ssxm
/cvmfs/cms-ib.cern.ch/sw/x86_64/nweek-02912/el8_amd64_gcc13/external/py3-scipy/1.13.1-586e534d9cda4a5932aa13f315e19182/lib/python3.9/site-packages/scipy/stats/_stats_mstats_common.py:196: RuntimeWarning: invalid value encountered in sqrt
  t = r * np.sqrt(df / ((1.0 - r + TINY)*(1.0 + r + TINY)))
/cvmfs/cms-ib.cern.ch/sw/x86_64/nweek-02912/el8_amd64_gcc13/external/py3-scipy/1.13.1-586e534d9cda4a5932aa13f315e19182/lib/python3.9/site-packages/scipy/stats/_stats_mstats_common.py:199: RuntimeWarning: invalid value encountered in scalar divide
  slope_stderr = np.sqrt((1 - r**2) * ssym / ssxm / df)
/data/lebeltra/AoS_benchmarks/CMSSW_16_0_X_2025-10-23-2300/src/RecoTracker/PixelSeeding/patatrack-scripts/multirun.py:696: RuntimeWarning: divide by zero encountered in scalar divide
  overlap = (min(t[-1] for t in times) - max(t[0] for t in times)) / sum(t[-1] - t[0] for t in times) * len(times)
     nan ±   nan ev/s (0 events, 0.0% overlap)
 --------------------
     nan ev/s (single measurement with the highest overlap)

-------------------------------------
           GPU MEMORY USAGE
-------------------------------------
Monitoring Interval: 1 second(s)
Number of Measurements: 644
Data points saved to: 'logs.hlt.16j.16t.16s/gpu_memory_hlt_16j_16t_16s.csv'

Peak Total GPU Memory Usage: 1616 MiB
Mean Total GPU Memory Usage: 954.78 MiB (float using bc)
-------------------------------------
